2025-04-29T10:10:15+08:00 L [gameHub.tele:79061] logger_test.TestLogger_tele():29 telegram test for info
2025-04-29T10:10:15+08:00 E [gameHub.tele:79061] logger_test.TestLogger_tele():30 telegram test for info
2025-04-29T10:10:15+08:00 W [gameHub.tele:79061] logger_test.TestLogger_tele():31 telegram test for info
2025-04-29T10:10:15+08:00 L [common:79061] logger_test.TestLogger_common():37 test for info
2025-04-29T10:10:15+08:00 E [common:79061] logger_test.TestLogger_common():38 test for info
2025-04-29T10:10:15+08:00 W [common:79061] logger_test.TestLogger_common():39 test for info
2025-04-29T10:10:15+08:00 I [common:79061] logger_test.TestLogger_common():40 test for info
2025-04-29T10:10:15+08:00 D [common:79061] logger_test.TestLogger_common():41 test for info
2025-04-29T10:10:15+08:00 L [gameHub.ops:79061] logger_test.TestLogger_dot():47 test for info
2025-04-29T10:10:15+08:00 E [gameHub.ops:79061] logger_test.TestLogger_dot():48 test for info
2025-04-29T10:10:15+08:00 W [gameHub.ops:79061] logger_test.TestLogger_dot():49 test for info
2025-04-29T10:10:15+08:00 I [gameHub.ops:79061] logger_test.TestLogger_dot():50 test for info
2025-04-29T10:10:15+08:00 L [gameHub.log:79061] logger_test.TestLogger_Level_log():58 test for info
2025-04-29T10:10:15+08:00 L [gameHub.error:79061] logger_test.TestLogger_Level_Error():69 test for info
2025-04-29T10:10:15+08:00 E [gameHub.error:79061] logger_test.TestLogger_Level_Error():70 test for info
2025-04-29T10:10:15+08:00 L [gameHub.warn:79061] logger_test.TestLogger_Level_Warn():80 test for info
2025-04-29T10:10:15+08:00 E [gameHub.warn:79061] logger_test.TestLogger_Level_Warn():81 test for info
2025-04-29T10:10:15+08:00 W [gameHub.warn:79061] logger_test.TestLogger_Level_Warn():82 test for info
2025-04-29T10:10:15+08:00 L [gameHub.info:79061] logger_test.TestLogger_Level_Info():91 test for info
2025-04-29T10:10:15+08:00 E [gameHub.info:79061] logger_test.TestLogger_Level_Info():92 test for info
2025-04-29T10:10:15+08:00 W [gameHub.info:79061] logger_test.TestLogger_Level_Info():93 test for info
2025-04-29T10:10:15+08:00 I [gameHub.info:79061] logger_test.TestLogger_Level_Info():94 test for info
2025-04-29T10:10:15+08:00 L [gameHub.debug:79061] logger_test.TestLogger_Level_Debug():102 test for info
2025-04-29T10:10:15+08:00 E [gameHub.debug:79061] logger_test.TestLogger_Level_Debug():103 test for info
2025-04-29T10:10:15+08:00 W [gameHub.debug:79061] logger_test.TestLogger_Level_Debug():104 test for info
2025-04-29T10:10:15+08:00 I [gameHub.debug:79061] logger_test.TestLogger_Level_Debug():105 test for info
2025-04-29T10:10:15+08:00 D [gameHub.debug:79061] logger_test.TestLogger_Level_Debug():106 test for info debug....
2025-04-29T10:19:15+08:00 L [gameHub.tele:79529] logger_test.TestLogger_tele():29 telegram test for info
2025-04-29T10:19:15+08:00 E [gameHub.tele:79529] logger_test.TestLogger_tele():30 telegram test for info
2025-04-29T10:19:15+08:00 W [gameHub.tele:79529] logger_test.TestLogger_tele():31 telegram test for info
2025-04-29T10:19:15+08:00 L [common:79529] logger_test.TestLogger_common():37 test for info
2025-04-29T10:19:15+08:00 E [common:79529] logger_test.TestLogger_common():38 test for info
2025-04-29T10:19:15+08:00 W [common:79529] logger_test.TestLogger_common():39 test for info
2025-04-29T10:19:15+08:00 I [common:79529] logger_test.TestLogger_common():40 test for info
2025-04-29T10:19:15+08:00 D [common:79529] logger_test.TestLogger_common():41 test for info
2025-04-29T10:19:15+08:00 L [gameHub.ops:79529] logger_test.TestLogger_dot():47 test for info
2025-04-29T10:19:15+08:00 E [gameHub.ops:79529] logger_test.TestLogger_dot():48 test for info
2025-04-29T10:19:15+08:00 W [gameHub.ops:79529] logger_test.TestLogger_dot():49 test for info
2025-04-29T10:19:15+08:00 I [gameHub.ops:79529] logger_test.TestLogger_dot():50 test for info
2025-04-29T10:19:15+08:00 L [gameHub.log:79529] logger_test.TestLogger_Level_log():58 test for info
2025-04-29T10:19:15+08:00 L [gameHub.error:79529] logger_test.TestLogger_Level_Error():69 test for info
2025-04-29T10:19:15+08:00 E [gameHub.error:79529] logger_test.TestLogger_Level_Error():70 test for info
2025-04-29T10:19:15+08:00 L [gameHub.warn:79529] logger_test.TestLogger_Level_Warn():80 test for info
2025-04-29T10:19:15+08:00 E [gameHub.warn:79529] logger_test.TestLogger_Level_Warn():81 test for info
2025-04-29T10:19:15+08:00 W [gameHub.warn:79529] logger_test.TestLogger_Level_Warn():82 test for info
2025-04-29T10:19:15+08:00 L [gameHub.info:79529] logger_test.TestLogger_Level_Info():91 test for info
2025-04-29T10:19:15+08:00 E [gameHub.info:79529] logger_test.TestLogger_Level_Info():92 test for info
2025-04-29T10:19:15+08:00 W [gameHub.info:79529] logger_test.TestLogger_Level_Info():93 test for info
2025-04-29T10:19:15+08:00 I [gameHub.info:79529] logger_test.TestLogger_Level_Info():94 test for info
2025-04-29T10:19:15+08:00 L [gameHub.debug:79529] logger_test.TestLogger_Level_Debug():102 test for info
2025-04-29T10:19:15+08:00 E [gameHub.debug:79529] logger_test.TestLogger_Level_Debug():103 test for info
2025-04-29T10:19:15+08:00 W [gameHub.debug:79529] logger_test.TestLogger_Level_Debug():104 test for info
2025-04-29T10:19:15+08:00 I [gameHub.debug:79529] logger_test.TestLogger_Level_Debug():105 test for info
2025-04-29T10:19:15+08:00 D [gameHub.debug:79529] logger_test.TestLogger_Level_Debug():106 test for info debug....
